- User Create : 
{'message': 'Accounts has been created'}
- User Detail : 
{'id': 113, 'accounts': {'bio': OrderedDict([('interested', [OrderedDict([('name', 'Energetic'), ('createAt', '2021-05-01T04:29:41.785059Z'), ('updateAt', '2021-05-01T04:29:41.784827Z')])]), ('bio', 'Wind measure or sometimes man tough interview. Eight then difficult fish dog hundred eat. Front quite magazine.'), ('createAt', '2021-05-01T04:28:51.188393Z'), ('updateAt', '2021-05-01T04:29:41.791103Z')]), 'location': {'country': 'Cyprus', 'province': 'Nevada', 'city': 'Hansonbury', 'address': '93717 Kayla Canyon\nLake Kimberlyport, IN 50367', 'updateAt': '2021-05-01T04:29:43.062404Z'}, 'gender': 0, 'is_deleted': False, 'createAt': '2021-05-01T04:28:51.191934Z', 'updateAt': '2021-05-01T04:29:43.055052Z', 'avatar': '/media/avatar/image_test_OxG45SY.jpeg', 'phone_numbers': '+628995786217', 'user': 113}, 'password': 'pbkdf2_sha256$260000$0d4ZVzkHu93UsVyCRQay22$i0O1p+yJao1kYmJCDzCpHsrX/rSSRCsG/PPQ6GxYpd4=', 'last_login': None, 'is_superuser': False, 'username': 'Keith Estrada', 'first_name': 'Amber Villarreal', 'last_name': 'Joseph Allen', 'email': 'johnvelazquez@hotmail.com', 'is_staff': False, 'is_active': True, 'date_joined': '2021-05-01T04:28:50.998892Z', 'groups': [], 'user_permissions': []}
- User List Filter : 
[OrderedDict([('id', 115), ('accounts', {'bio': OrderedDict([('interested', []), ('bio', None), ('createAt', '2021-05-01T04:30:47.612955Z'), ('updateAt', '2021-05-01T04:30:47.612717Z')]), 'location': {'country': None, 'province': None, 'city': None, 'address': None, 'updateAt': '2021-05-01T04:30:47.609914Z'}, 'gender': 0, 'is_deleted': False, 'createAt': '2021-05-01T04:30:47.616643Z', 'updateAt': '2021-05-01T04:30:47.616080Z', 'avatar': None, 'phone_numbers': None, 'user': 115}), ('password', 'pbkdf2_sha256$260000$AphLp8vYNVCadUYShU1s9C$H34J/yR3hqkokKoh9WX6SoaJQAEWh9ssJxH4m4DCZxE='), ('last_login', None), ('is_superuser', False), ('username', 'Jessica Hopkins'), ('first_name', ''), ('last_name', ''), ('email', 'amberholder@jensen-mendoza.com'), ('is_staff', False), ('is_active', True), ('date_joined', '2021-05-01T04:30:47.397257Z'), ('groups', []), ('user_permissions', [])])]
- User List : 
[OrderedDict([('id', 1), ('accounts', {'is_deleted': False, 'updateAt': None, 'avatar': None, 'phone_numbers': '', 'user': None}), ('password', 'pbkdf2_sha256$260000$mRLcnJIQNNgktk58fl1oX1$VrEXzDgIfJ8udPDFcMnWDcPtzNY7MNl7DuegKXb9nhU='), ('last_login', None), ('is_superuser', False), ('username', 'Bradley Ward'), ('first_name', ''), ('last_name', ''), ('email', 'ycox@hotmail.com'), ('is_staff', False), ('is_active', True), ('date_joined', '2021-04-30T15:29:53.565990Z'), ('groups', []), ('user_permissions', [])]), OrderedDict([('id', 2), ('accounts', {'is_deleted': False, 'updateAt': None, 'avatar': None, 'phone_numbers': '', 'user': None}), ('password', 'pbkdf2_sha256$260000$htWT9vmdeJSxE96g9vZIoU$ML76KTnITZHYhuBprUArzbKuig/5MHL/RDp6AZ5MAL8='), ('last_login', None), ('is_superuser', False), ('username', 'Julie Johnston'), ('first_name', ''), ('last_name', ''), ('email', 'singletonfrances@hotmail.com'), ('is_staff', False), ('is_active', True), ('date_joined', '2021-04-30T15:32:26.401514Z'), ('groups', []), ('user_permissions', [])])]
- Token : 
{'token': 'eyJ0eXAiOiJKV1QiLCJhbGciOiJIUzI1NiJ9.eyJ1c2VyX2lkIjoxMTUsInVzZXJuYW1lIjoiSmVzc2ljYSBIb3BraW5zIiwiZXhwIjoyNjE5NzMzNDQ5LCJlbWFpbCI6ImFtYmVyaG9sZGVyQGplbnNlbi1tZW5kb3phLmNvbSIsIm9yaWdfaWF0IjoxNjE5ODQzNDQ4fQ.7Vq9PaxdxM_KIFXw4SPZt5yuiMM_2ySnJHTgAhx3N5c'}
- Refresh Token : 
{'token': 'eyJ0eXAiOiJKV1QiLCJhbGciOiJIUzI1NiJ9.eyJ1c2VyX2lkIjoxMTQsInVzZXJuYW1lIjoiSmFzb24gQ2FsZGVyb24iLCJleHAiOjI2MTk3MzM0NDksImVtYWlsIjoiYWRyaWVubmV3YXJuZXJAc21pdGguY29tIiwib3JpZ19pYXQiOjE2MTk4NDMzODJ9.TF_qRHOSrGPa8JXbYGWMoW76yDKh6fy_IEh6HvCeD8o'}
- User Reset : 
{'message': 'Accounts has been reset'}
- Update Accounts : 
{'message': 'Accounts has been updated'}
- Verify Token : 
{'token': 'eyJ0eXAiOiJKV1QiLCJhbGciOiJIUzI1NiJ9.eyJ1c2VyX2lkIjoxMTQsInVzZXJuYW1lIjoiSmFzb24gQ2FsZGVyb24iLCJleHAiOjE2MTk4NDM2ODIsImVtYWlsIjoiYWRyaWVubmV3YXJuZXJAc21pdGguY29tIiwib3JpZ19pYXQiOjE2MTk4NDMzODJ9.P1YVUru-O5GfeSjqZhWCxC2_RgBH_H2PV4LVJXjhzp8'}
